// Jest Snapshot v1, https://goo.gl/fbAQLP

exports[`ApigwSinglePurposeLambdaStack snapshot matches 1`] = `
{
  "Outputs": {
    "ApiUrl": {
      "Description": "API Gateway URL",
      "Value": {
        "Fn::Join": [
          "",
          [
            "https://",
            {
              "Ref": "TodosApi10F608BB",
            },
            ".execute-api.",
            {
              "Ref": "AWS::Region",
            },
            ".",
            {
              "Ref": "AWS::URLSuffix",
            },
            "/",
            {
              "Ref": "TodosApiDeploymentStagedev54EE90D3",
            },
            "/",
          ],
        ],
      },
    },
    "TodosApiEndpoint25826EEB": {
      "Value": {
        "Fn::Join": [
          "",
          [
            "https://",
            {
              "Ref": "TodosApi10F608BB",
            },
            ".execute-api.",
            {
              "Ref": "AWS::Region",
            },
            ".",
            {
              "Ref": "AWS::URLSuffix",
            },
            "/",
            {
              "Ref": "TodosApiDeploymentStagedev54EE90D3",
            },
            "/",
          ],
        ],
      },
    },
    "TodosTableName": {
      "Description": "DynamoDB table name",
      "Value": {
        "Ref": "TodosTable250330D8",
      },
    },
  },
  "Parameters": {
    "BootstrapVersion": {
      "Default": "/cdk-bootstrap/hnb659fds/version",
      "Description": "Version of the CDK Bootstrap resources in this environment, automatically retrieved from SSM Parameter Store. [cdk:skip]",
      "Type": "AWS::SSM::Parameter::Value<String>",
    },
  },
  "Resources": {
    "CreateTodoHandler16206D94": {
      "DependsOn": [
        "CreateTodoHandlerServiceRoleDefaultPolicy7D01F2D5",
        "CreateTodoHandlerServiceRole2C1A9E5C",
      ],
      "Properties": {
        "Architectures": [
          "arm64",
        ],
        "Code": {
          "S3Bucket": {
            "Fn::Sub": "cdk-hnb659fds-assets-\${AWS::AccountId}-\${AWS::Region}",
          },
          "S3Key": "eb7e470491649a756ba919083dbed4d1ca2863cd5e323b5f713e59c65648f1fd.zip",
        },
        "Environment": {
          "Variables": {
            "ENVIRONMENT": "dev",
            "TABLE_NAME": {
              "Ref": "TodosTable250330D8",
            },
          },
        },
        "FunctionName": "test-dev-create-todo",
        "Handler": "index.handler",
        "MemorySize": 256,
        "Role": {
          "Fn::GetAtt": [
            "CreateTodoHandlerServiceRole2C1A9E5C",
            "Arn",
          ],
        },
        "Runtime": "nodejs22.x",
        "Timeout": 30,
      },
      "Type": "AWS::Lambda::Function",
    },
    "CreateTodoHandlerLogRetention16358A66": {
      "Properties": {
        "LogGroupName": {
          "Fn::Join": [
            "",
            [
              "/aws/lambda/",
              {
                "Ref": "CreateTodoHandler16206D94",
              },
            ],
          ],
        },
        "RetentionInDays": 7,
        "ServiceToken": {
          "Fn::GetAtt": [
            "LogRetentionaae0aa3c5b4d4f87b02d85b201efdd8aFD4BFC8A",
            "Arn",
          ],
        },
      },
      "Type": "Custom::LogRetention",
    },
    "CreateTodoHandlerServiceRole2C1A9E5C": {
      "Properties": {
        "AssumeRolePolicyDocument": {
          "Statement": [
            {
              "Action": "sts:AssumeRole",
              "Effect": "Allow",
              "Principal": {
                "Service": "lambda.amazonaws.com",
              },
            },
          ],
          "Version": "2012-10-17",
        },
        "ManagedPolicyArns": [
          {
            "Fn::Join": [
              "",
              [
                "arn:",
                {
                  "Ref": "AWS::Partition",
                },
                ":iam::aws:policy/service-role/AWSLambdaBasicExecutionRole",
              ],
            ],
          },
        ],
      },
      "Type": "AWS::IAM::Role",
    },
    "CreateTodoHandlerServiceRoleDefaultPolicy7D01F2D5": {
      "Properties": {
        "PolicyDocument": {
          "Statement": [
            {
              "Action": [
                "dynamodb:BatchWriteItem",
                "dynamodb:PutItem",
                "dynamodb:UpdateItem",
                "dynamodb:DeleteItem",
                "dynamodb:DescribeTable",
              ],
              "Effect": "Allow",
              "Resource": [
                {
                  "Fn::GetAtt": [
                    "TodosTable250330D8",
                    "Arn",
                  ],
                },
              ],
            },
          ],
          "Version": "2012-10-17",
        },
        "PolicyName": "CreateTodoHandlerServiceRoleDefaultPolicy7D01F2D5",
        "Roles": [
          {
            "Ref": "CreateTodoHandlerServiceRole2C1A9E5C",
          },
        ],
      },
      "Type": "AWS::IAM::Policy",
    },
    "DeleteTodoHandler6F45F3E1": {
      "DependsOn": [
        "DeleteTodoHandlerServiceRoleDefaultPolicy136D98EE",
        "DeleteTodoHandlerServiceRoleB136C94F",
      ],
      "Properties": {
        "Architectures": [
          "arm64",
        ],
        "Code": {
          "S3Bucket": {
            "Fn::Sub": "cdk-hnb659fds-assets-\${AWS::AccountId}-\${AWS::Region}",
          },
          "S3Key": "4b48cbc43c29126a92cb967cb9f585b55121203a71995d37ec7196c151da5fe6.zip",
        },
        "Environment": {
          "Variables": {
            "ENVIRONMENT": "dev",
            "TABLE_NAME": {
              "Ref": "TodosTable250330D8",
            },
          },
        },
        "FunctionName": "test-dev-delete-todo",
        "Handler": "index.handler",
        "MemorySize": 256,
        "Role": {
          "Fn::GetAtt": [
            "DeleteTodoHandlerServiceRoleB136C94F",
            "Arn",
          ],
        },
        "Runtime": "nodejs22.x",
        "Timeout": 30,
      },
      "Type": "AWS::Lambda::Function",
    },
    "DeleteTodoHandlerLogRetention519F1866": {
      "Properties": {
        "LogGroupName": {
          "Fn::Join": [
            "",
            [
              "/aws/lambda/",
              {
                "Ref": "DeleteTodoHandler6F45F3E1",
              },
            ],
          ],
        },
        "RetentionInDays": 7,
        "ServiceToken": {
          "Fn::GetAtt": [
            "LogRetentionaae0aa3c5b4d4f87b02d85b201efdd8aFD4BFC8A",
            "Arn",
          ],
        },
      },
      "Type": "Custom::LogRetention",
    },
    "DeleteTodoHandlerServiceRoleB136C94F": {
      "Properties": {
        "AssumeRolePolicyDocument": {
          "Statement": [
            {
              "Action": "sts:AssumeRole",
              "Effect": "Allow",
              "Principal": {
                "Service": "lambda.amazonaws.com",
              },
            },
          ],
          "Version": "2012-10-17",
        },
        "ManagedPolicyArns": [
          {
            "Fn::Join": [
              "",
              [
                "arn:",
                {
                  "Ref": "AWS::Partition",
                },
                ":iam::aws:policy/service-role/AWSLambdaBasicExecutionRole",
              ],
            ],
          },
        ],
      },
      "Type": "AWS::IAM::Role",
    },
    "DeleteTodoHandlerServiceRoleDefaultPolicy136D98EE": {
      "Properties": {
        "PolicyDocument": {
          "Statement": [
            {
              "Action": [
                "dynamodb:BatchWriteItem",
                "dynamodb:PutItem",
                "dynamodb:UpdateItem",
                "dynamodb:DeleteItem",
                "dynamodb:DescribeTable",
              ],
              "Effect": "Allow",
              "Resource": [
                {
                  "Fn::GetAtt": [
                    "TodosTable250330D8",
                    "Arn",
                  ],
                },
              ],
            },
          ],
          "Version": "2012-10-17",
        },
        "PolicyName": "DeleteTodoHandlerServiceRoleDefaultPolicy136D98EE",
        "Roles": [
          {
            "Ref": "DeleteTodoHandlerServiceRoleB136C94F",
          },
        ],
      },
      "Type": "AWS::IAM::Policy",
    },
    "GetTodoHandlerA1AE2AD3": {
      "DependsOn": [
        "GetTodoHandlerServiceRoleDefaultPolicy839EE9DA",
        "GetTodoHandlerServiceRole8CC4A2BA",
      ],
      "Properties": {
        "Architectures": [
          "arm64",
        ],
        "Code": {
          "S3Bucket": {
            "Fn::Sub": "cdk-hnb659fds-assets-\${AWS::AccountId}-\${AWS::Region}",
          },
          "S3Key": "3830843e42916511b8505454eddddcedc66537782ceca2858184ff265686de9e.zip",
        },
        "Environment": {
          "Variables": {
            "ENVIRONMENT": "dev",
            "TABLE_NAME": {
              "Ref": "TodosTable250330D8",
            },
          },
        },
        "FunctionName": "test-dev-get-todo",
        "Handler": "index.handler",
        "MemorySize": 256,
        "Role": {
          "Fn::GetAtt": [
            "GetTodoHandlerServiceRole8CC4A2BA",
            "Arn",
          ],
        },
        "Runtime": "nodejs22.x",
        "Timeout": 30,
      },
      "Type": "AWS::Lambda::Function",
    },
    "GetTodoHandlerLogRetentionC9A5FDD4": {
      "Properties": {
        "LogGroupName": {
          "Fn::Join": [
            "",
            [
              "/aws/lambda/",
              {
                "Ref": "GetTodoHandlerA1AE2AD3",
              },
            ],
          ],
        },
        "RetentionInDays": 7,
        "ServiceToken": {
          "Fn::GetAtt": [
            "LogRetentionaae0aa3c5b4d4f87b02d85b201efdd8aFD4BFC8A",
            "Arn",
          ],
        },
      },
      "Type": "Custom::LogRetention",
    },
    "GetTodoHandlerServiceRole8CC4A2BA": {
      "Properties": {
        "AssumeRolePolicyDocument": {
          "Statement": [
            {
              "Action": "sts:AssumeRole",
              "Effect": "Allow",
              "Principal": {
                "Service": "lambda.amazonaws.com",
              },
            },
          ],
          "Version": "2012-10-17",
        },
        "ManagedPolicyArns": [
          {
            "Fn::Join": [
              "",
              [
                "arn:",
                {
                  "Ref": "AWS::Partition",
                },
                ":iam::aws:policy/service-role/AWSLambdaBasicExecutionRole",
              ],
            ],
          },
        ],
      },
      "Type": "AWS::IAM::Role",
    },
    "GetTodoHandlerServiceRoleDefaultPolicy839EE9DA": {
      "Properties": {
        "PolicyDocument": {
          "Statement": [
            {
              "Action": [
                "dynamodb:BatchGetItem",
                "dynamodb:Query",
                "dynamodb:GetItem",
                "dynamodb:Scan",
                "dynamodb:ConditionCheckItem",
                "dynamodb:DescribeTable",
              ],
              "Effect": "Allow",
              "Resource": [
                {
                  "Fn::GetAtt": [
                    "TodosTable250330D8",
                    "Arn",
                  ],
                },
              ],
            },
            {
              "Action": [
                "dynamodb:GetRecords",
                "dynamodb:GetShardIterator",
              ],
              "Effect": "Allow",
              "Resource": [
                {
                  "Fn::GetAtt": [
                    "TodosTable250330D8",
                    "Arn",
                  ],
                },
              ],
            },
          ],
          "Version": "2012-10-17",
        },
        "PolicyName": "GetTodoHandlerServiceRoleDefaultPolicy839EE9DA",
        "Roles": [
          {
            "Ref": "GetTodoHandlerServiceRole8CC4A2BA",
          },
        ],
      },
      "Type": "AWS::IAM::Policy",
    },
    "ListTodosHandler15E54C93": {
      "DependsOn": [
        "ListTodosHandlerServiceRoleDefaultPolicy3A8CDE85",
        "ListTodosHandlerServiceRole9FB32A3A",
      ],
      "Properties": {
        "Architectures": [
          "arm64",
        ],
        "Code": {
          "S3Bucket": {
            "Fn::Sub": "cdk-hnb659fds-assets-\${AWS::AccountId}-\${AWS::Region}",
          },
          "S3Key": "a6b5c05c8c263f9a49df38e5e56c02275eed49ac163e5ca17eecf28202434669.zip",
        },
        "Environment": {
          "Variables": {
            "ENVIRONMENT": "dev",
            "TABLE_NAME": {
              "Ref": "TodosTable250330D8",
            },
          },
        },
        "FunctionName": "test-dev-list-todos",
        "Handler": "index.handler",
        "MemorySize": 256,
        "Role": {
          "Fn::GetAtt": [
            "ListTodosHandlerServiceRole9FB32A3A",
            "Arn",
          ],
        },
        "Runtime": "nodejs22.x",
        "Timeout": 30,
      },
      "Type": "AWS::Lambda::Function",
    },
    "ListTodosHandlerLogRetention8BDC2CA9": {
      "Properties": {
        "LogGroupName": {
          "Fn::Join": [
            "",
            [
              "/aws/lambda/",
              {
                "Ref": "ListTodosHandler15E54C93",
              },
            ],
          ],
        },
        "RetentionInDays": 7,
        "ServiceToken": {
          "Fn::GetAtt": [
            "LogRetentionaae0aa3c5b4d4f87b02d85b201efdd8aFD4BFC8A",
            "Arn",
          ],
        },
      },
      "Type": "Custom::LogRetention",
    },
    "ListTodosHandlerServiceRole9FB32A3A": {
      "Properties": {
        "AssumeRolePolicyDocument": {
          "Statement": [
            {
              "Action": "sts:AssumeRole",
              "Effect": "Allow",
              "Principal": {
                "Service": "lambda.amazonaws.com",
              },
            },
          ],
          "Version": "2012-10-17",
        },
        "ManagedPolicyArns": [
          {
            "Fn::Join": [
              "",
              [
                "arn:",
                {
                  "Ref": "AWS::Partition",
                },
                ":iam::aws:policy/service-role/AWSLambdaBasicExecutionRole",
              ],
            ],
          },
        ],
      },
      "Type": "AWS::IAM::Role",
    },
    "ListTodosHandlerServiceRoleDefaultPolicy3A8CDE85": {
      "Properties": {
        "PolicyDocument": {
          "Statement": [
            {
              "Action": [
                "dynamodb:BatchGetItem",
                "dynamodb:Query",
                "dynamodb:GetItem",
                "dynamodb:Scan",
                "dynamodb:ConditionCheckItem",
                "dynamodb:DescribeTable",
              ],
              "Effect": "Allow",
              "Resource": [
                {
                  "Fn::GetAtt": [
                    "TodosTable250330D8",
                    "Arn",
                  ],
                },
              ],
            },
            {
              "Action": [
                "dynamodb:GetRecords",
                "dynamodb:GetShardIterator",
              ],
              "Effect": "Allow",
              "Resource": [
                {
                  "Fn::GetAtt": [
                    "TodosTable250330D8",
                    "Arn",
                  ],
                },
              ],
            },
          ],
          "Version": "2012-10-17",
        },
        "PolicyName": "ListTodosHandlerServiceRoleDefaultPolicy3A8CDE85",
        "Roles": [
          {
            "Ref": "ListTodosHandlerServiceRole9FB32A3A",
          },
        ],
      },
      "Type": "AWS::IAM::Policy",
    },
    "LogRetentionaae0aa3c5b4d4f87b02d85b201efdd8aFD4BFC8A": {
      "DependsOn": [
        "LogRetentionaae0aa3c5b4d4f87b02d85b201efdd8aServiceRoleDefaultPolicyADDA7DEB",
        "LogRetentionaae0aa3c5b4d4f87b02d85b201efdd8aServiceRole9741ECFB",
      ],
      "Properties": {
        "Code": {
          "S3Bucket": {
            "Fn::Sub": "cdk-hnb659fds-assets-\${AWS::AccountId}-\${AWS::Region}",
          },
          "S3Key": "2819175352ad1ce0dae768e83fc328fb70fb5f10b4a8ff0ccbcb791f02b0716d.zip",
        },
        "Handler": "index.handler",
        "Role": {
          "Fn::GetAtt": [
            "LogRetentionaae0aa3c5b4d4f87b02d85b201efdd8aServiceRole9741ECFB",
            "Arn",
          ],
        },
        "Runtime": "nodejs24.x",
        "Timeout": 900,
      },
      "Type": "AWS::Lambda::Function",
    },
    "LogRetentionaae0aa3c5b4d4f87b02d85b201efdd8aServiceRole9741ECFB": {
      "Properties": {
        "AssumeRolePolicyDocument": {
          "Statement": [
            {
              "Action": "sts:AssumeRole",
              "Effect": "Allow",
              "Principal": {
                "Service": "lambda.amazonaws.com",
              },
            },
          ],
          "Version": "2012-10-17",
        },
        "ManagedPolicyArns": [
          {
            "Fn::Join": [
              "",
              [
                "arn:",
                {
                  "Ref": "AWS::Partition",
                },
                ":iam::aws:policy/service-role/AWSLambdaBasicExecutionRole",
              ],
            ],
          },
        ],
      },
      "Type": "AWS::IAM::Role",
    },
    "LogRetentionaae0aa3c5b4d4f87b02d85b201efdd8aServiceRoleDefaultPolicyADDA7DEB": {
      "Properties": {
        "PolicyDocument": {
          "Statement": [
            {
              "Action": [
                "logs:PutRetentionPolicy",
                "logs:DeleteRetentionPolicy",
              ],
              "Effect": "Allow",
              "Resource": "*",
            },
          ],
          "Version": "2012-10-17",
        },
        "PolicyName": "LogRetentionaae0aa3c5b4d4f87b02d85b201efdd8aServiceRoleDefaultPolicyADDA7DEB",
        "Roles": [
          {
            "Ref": "LogRetentionaae0aa3c5b4d4f87b02d85b201efdd8aServiceRole9741ECFB",
          },
        ],
      },
      "Type": "AWS::IAM::Policy",
    },
    "TodosApi10F608BB": {
      "Properties": {
        "Description": "Todos REST API (Single-Purpose Lambda pattern)",
        "Name": "test-dev-todos-api",
      },
      "Type": "AWS::ApiGateway::RestApi",
    },
    "TodosApiAccount14B1A5F1": {
      "DeletionPolicy": "Retain",
      "DependsOn": [
        "TodosApi10F608BB",
      ],
      "Properties": {
        "CloudWatchRoleArn": {
          "Fn::GetAtt": [
            "TodosApiCloudWatchRole7D04CA26",
            "Arn",
          ],
        },
      },
      "Type": "AWS::ApiGateway::Account",
      "UpdateReplacePolicy": "Retain",
    },
    "TodosApiCloudWatchRole7D04CA26": {
      "DeletionPolicy": "Retain",
      "Properties": {
        "AssumeRolePolicyDocument": {
          "Statement": [
            {
              "Action": "sts:AssumeRole",
              "Effect": "Allow",
              "Principal": {
                "Service": "apigateway.amazonaws.com",
              },
            },
          ],
          "Version": "2012-10-17",
        },
        "ManagedPolicyArns": [
          {
            "Fn::Join": [
              "",
              [
                "arn:",
                {
                  "Ref": "AWS::Partition",
                },
                ":iam::aws:policy/service-role/AmazonAPIGatewayPushToCloudWatchLogs",
              ],
            ],
          },
        ],
      },
      "Type": "AWS::IAM::Role",
      "UpdateReplacePolicy": "Retain",
    },
    "TodosApiDeploymentE94EFA29d2e8015c867c6611a0a8dca2302976c9": {
      "DependsOn": [
        "TodosApitodostodoIdDELETE96D7A974",
        "TodosApitodostodoIdGETCE9AA806",
        "TodosApitodostodoIdPUTC4F1A380",
        "TodosApitodostodoIdCFE1ABC5",
        "TodosApitodosGET189AE0EF",
        "TodosApitodosPOST4DDBC6B9",
        "TodosApitodosF9C6D5FF",
      ],
      "Metadata": {
        "aws:cdk:do-not-refactor": true,
      },
      "Properties": {
        "Description": "Todos REST API (Single-Purpose Lambda pattern)",
        "RestApiId": {
          "Ref": "TodosApi10F608BB",
        },
      },
      "Type": "AWS::ApiGateway::Deployment",
    },
    "TodosApiDeploymentStagedev54EE90D3": {
      "DependsOn": [
        "TodosApiAccount14B1A5F1",
      ],
      "Properties": {
        "DeploymentId": {
          "Ref": "TodosApiDeploymentE94EFA29d2e8015c867c6611a0a8dca2302976c9",
        },
        "RestApiId": {
          "Ref": "TodosApi10F608BB",
        },
        "StageName": "dev",
      },
      "Type": "AWS::ApiGateway::Stage",
    },
    "TodosApitodosF9C6D5FF": {
      "Properties": {
        "ParentId": {
          "Fn::GetAtt": [
            "TodosApi10F608BB",
            "RootResourceId",
          ],
        },
        "PathPart": "todos",
        "RestApiId": {
          "Ref": "TodosApi10F608BB",
        },
      },
      "Type": "AWS::ApiGateway::Resource",
    },
    "TodosApitodosGET189AE0EF": {
      "Properties": {
        "AuthorizationType": "NONE",
        "HttpMethod": "GET",
        "Integration": {
          "IntegrationHttpMethod": "POST",
          "Type": "AWS_PROXY",
          "Uri": {
            "Fn::Join": [
              "",
              [
                "arn:",
                {
                  "Ref": "AWS::Partition",
                },
                ":apigateway:",
                {
                  "Ref": "AWS::Region",
                },
                ":lambda:path/2015-03-31/functions/",
                {
                  "Fn::GetAtt": [
                    "ListTodosHandler15E54C93",
                    "Arn",
                  ],
                },
                "/invocations",
              ],
            ],
          },
        },
        "ResourceId": {
          "Ref": "TodosApitodosF9C6D5FF",
        },
        "RestApiId": {
          "Ref": "TodosApi10F608BB",
        },
      },
      "Type": "AWS::ApiGateway::Method",
    },
    "TodosApitodosGETApiPermissionTestStackTodosApi7298CD93GETtodosFEB6A389": {
      "Properties": {
        "Action": "lambda:InvokeFunction",
        "FunctionName": {
          "Fn::GetAtt": [
            "ListTodosHandler15E54C93",
            "Arn",
          ],
        },
        "Principal": "apigateway.amazonaws.com",
        "SourceArn": {
          "Fn::Join": [
            "",
            [
              "arn:",
              {
                "Ref": "AWS::Partition",
              },
              ":execute-api:",
              {
                "Ref": "AWS::Region",
              },
              ":",
              {
                "Ref": "AWS::AccountId",
              },
              ":",
              {
                "Ref": "TodosApi10F608BB",
              },
              "/",
              {
                "Ref": "TodosApiDeploymentStagedev54EE90D3",
              },
              "/GET/todos",
            ],
          ],
        },
      },
      "Type": "AWS::Lambda::Permission",
    },
    "TodosApitodosGETApiPermissionTestTestStackTodosApi7298CD93GETtodos656DC1F8": {
      "Properties": {
        "Action": "lambda:InvokeFunction",
        "FunctionName": {
          "Fn::GetAtt": [
            "ListTodosHandler15E54C93",
            "Arn",
          ],
        },
        "Principal": "apigateway.amazonaws.com",
        "SourceArn": {
          "Fn::Join": [
            "",
            [
              "arn:",
              {
                "Ref": "AWS::Partition",
              },
              ":execute-api:",
              {
                "Ref": "AWS::Region",
              },
              ":",
              {
                "Ref": "AWS::AccountId",
              },
              ":",
              {
                "Ref": "TodosApi10F608BB",
              },
              "/test-invoke-stage/GET/todos",
            ],
          ],
        },
      },
      "Type": "AWS::Lambda::Permission",
    },
    "TodosApitodosPOST4DDBC6B9": {
      "Properties": {
        "AuthorizationType": "NONE",
        "HttpMethod": "POST",
        "Integration": {
          "IntegrationHttpMethod": "POST",
          "Type": "AWS_PROXY",
          "Uri": {
            "Fn::Join": [
              "",
              [
                "arn:",
                {
                  "Ref": "AWS::Partition",
                },
                ":apigateway:",
                {
                  "Ref": "AWS::Region",
                },
                ":lambda:path/2015-03-31/functions/",
                {
                  "Fn::GetAtt": [
                    "CreateTodoHandler16206D94",
                    "Arn",
                  ],
                },
                "/invocations",
              ],
            ],
          },
        },
        "ResourceId": {
          "Ref": "TodosApitodosF9C6D5FF",
        },
        "RestApiId": {
          "Ref": "TodosApi10F608BB",
        },
      },
      "Type": "AWS::ApiGateway::Method",
    },
    "TodosApitodosPOSTApiPermissionTestStackTodosApi7298CD93POSTtodos3F66E496": {
      "Properties": {
        "Action": "lambda:InvokeFunction",
        "FunctionName": {
          "Fn::GetAtt": [
            "CreateTodoHandler16206D94",
            "Arn",
          ],
        },
        "Principal": "apigateway.amazonaws.com",
        "SourceArn": {
          "Fn::Join": [
            "",
            [
              "arn:",
              {
                "Ref": "AWS::Partition",
              },
              ":execute-api:",
              {
                "Ref": "AWS::Region",
              },
              ":",
              {
                "Ref": "AWS::AccountId",
              },
              ":",
              {
                "Ref": "TodosApi10F608BB",
              },
              "/",
              {
                "Ref": "TodosApiDeploymentStagedev54EE90D3",
              },
              "/POST/todos",
            ],
          ],
        },
      },
      "Type": "AWS::Lambda::Permission",
    },
    "TodosApitodosPOSTApiPermissionTestTestStackTodosApi7298CD93POSTtodos8B0F445C": {
      "Properties": {
        "Action": "lambda:InvokeFunction",
        "FunctionName": {
          "Fn::GetAtt": [
            "CreateTodoHandler16206D94",
            "Arn",
          ],
        },
        "Principal": "apigateway.amazonaws.com",
        "SourceArn": {
          "Fn::Join": [
            "",
            [
              "arn:",
              {
                "Ref": "AWS::Partition",
              },
              ":execute-api:",
              {
                "Ref": "AWS::Region",
              },
              ":",
              {
                "Ref": "AWS::AccountId",
              },
              ":",
              {
                "Ref": "TodosApi10F608BB",
              },
              "/test-invoke-stage/POST/todos",
            ],
          ],
        },
      },
      "Type": "AWS::Lambda::Permission",
    },
    "TodosApitodostodoIdCFE1ABC5": {
      "Properties": {
        "ParentId": {
          "Ref": "TodosApitodosF9C6D5FF",
        },
        "PathPart": "{todoId}",
        "RestApiId": {
          "Ref": "TodosApi10F608BB",
        },
      },
      "Type": "AWS::ApiGateway::Resource",
    },
    "TodosApitodostodoIdDELETE96D7A974": {
      "Properties": {
        "AuthorizationType": "NONE",
        "HttpMethod": "DELETE",
        "Integration": {
          "IntegrationHttpMethod": "POST",
          "Type": "AWS_PROXY",
          "Uri": {
            "Fn::Join": [
              "",
              [
                "arn:",
                {
                  "Ref": "AWS::Partition",
                },
                ":apigateway:",
                {
                  "Ref": "AWS::Region",
                },
                ":lambda:path/2015-03-31/functions/",
                {
                  "Fn::GetAtt": [
                    "DeleteTodoHandler6F45F3E1",
                    "Arn",
                  ],
                },
                "/invocations",
              ],
            ],
          },
        },
        "ResourceId": {
          "Ref": "TodosApitodostodoIdCFE1ABC5",
        },
        "RestApiId": {
          "Ref": "TodosApi10F608BB",
        },
      },
      "Type": "AWS::ApiGateway::Method",
    },
    "TodosApitodostodoIdDELETEApiPermissionTestStackTodosApi7298CD93DELETEtodostodoIdE38649A5": {
      "Properties": {
        "Action": "lambda:InvokeFunction",
        "FunctionName": {
          "Fn::GetAtt": [
            "DeleteTodoHandler6F45F3E1",
            "Arn",
          ],
        },
        "Principal": "apigateway.amazonaws.com",
        "SourceArn": {
          "Fn::Join": [
            "",
            [
              "arn:",
              {
                "Ref": "AWS::Partition",
              },
              ":execute-api:",
              {
                "Ref": "AWS::Region",
              },
              ":",
              {
                "Ref": "AWS::AccountId",
              },
              ":",
              {
                "Ref": "TodosApi10F608BB",
              },
              "/",
              {
                "Ref": "TodosApiDeploymentStagedev54EE90D3",
              },
              "/DELETE/todos/*",
            ],
          ],
        },
      },
      "Type": "AWS::Lambda::Permission",
    },
    "TodosApitodostodoIdDELETEApiPermissionTestTestStackTodosApi7298CD93DELETEtodostodoId0D377ADE": {
      "Properties": {
        "Action": "lambda:InvokeFunction",
        "FunctionName": {
          "Fn::GetAtt": [
            "DeleteTodoHandler6F45F3E1",
            "Arn",
          ],
        },
        "Principal": "apigateway.amazonaws.com",
        "SourceArn": {
          "Fn::Join": [
            "",
            [
              "arn:",
              {
                "Ref": "AWS::Partition",
              },
              ":execute-api:",
              {
                "Ref": "AWS::Region",
              },
              ":",
              {
                "Ref": "AWS::AccountId",
              },
              ":",
              {
                "Ref": "TodosApi10F608BB",
              },
              "/test-invoke-stage/DELETE/todos/*",
            ],
          ],
        },
      },
      "Type": "AWS::Lambda::Permission",
    },
    "TodosApitodostodoIdGETApiPermissionTestStackTodosApi7298CD93GETtodostodoIdB8DFA43B": {
      "Properties": {
        "Action": "lambda:InvokeFunction",
        "FunctionName": {
          "Fn::GetAtt": [
            "GetTodoHandlerA1AE2AD3",
            "Arn",
          ],
        },
        "Principal": "apigateway.amazonaws.com",
        "SourceArn": {
          "Fn::Join": [
            "",
            [
              "arn:",
              {
                "Ref": "AWS::Partition",
              },
              ":execute-api:",
              {
                "Ref": "AWS::Region",
              },
              ":",
              {
                "Ref": "AWS::AccountId",
              },
              ":",
              {
                "Ref": "TodosApi10F608BB",
              },
              "/",
              {
                "Ref": "TodosApiDeploymentStagedev54EE90D3",
              },
              "/GET/todos/*",
            ],
          ],
        },
      },
      "Type": "AWS::Lambda::Permission",
    },
    "TodosApitodostodoIdGETApiPermissionTestTestStackTodosApi7298CD93GETtodostodoIdF5504FB0": {
      "Properties": {
        "Action": "lambda:InvokeFunction",
        "FunctionName": {
          "Fn::GetAtt": [
            "GetTodoHandlerA1AE2AD3",
            "Arn",
          ],
        },
        "Principal": "apigateway.amazonaws.com",
        "SourceArn": {
          "Fn::Join": [
            "",
            [
              "arn:",
              {
                "Ref": "AWS::Partition",
              },
              ":execute-api:",
              {
                "Ref": "AWS::Region",
              },
              ":",
              {
                "Ref": "AWS::AccountId",
              },
              ":",
              {
                "Ref": "TodosApi10F608BB",
              },
              "/test-invoke-stage/GET/todos/*",
            ],
          ],
        },
      },
      "Type": "AWS::Lambda::Permission",
    },
    "TodosApitodostodoIdGETCE9AA806": {
      "Properties": {
        "AuthorizationType": "NONE",
        "HttpMethod": "GET",
        "Integration": {
          "IntegrationHttpMethod": "POST",
          "Type": "AWS_PROXY",
          "Uri": {
            "Fn::Join": [
              "",
              [
                "arn:",
                {
                  "Ref": "AWS::Partition",
                },
                ":apigateway:",
                {
                  "Ref": "AWS::Region",
                },
                ":lambda:path/2015-03-31/functions/",
                {
                  "Fn::GetAtt": [
                    "GetTodoHandlerA1AE2AD3",
                    "Arn",
                  ],
                },
                "/invocations",
              ],
            ],
          },
        },
        "ResourceId": {
          "Ref": "TodosApitodostodoIdCFE1ABC5",
        },
        "RestApiId": {
          "Ref": "TodosApi10F608BB",
        },
      },
      "Type": "AWS::ApiGateway::Method",
    },
    "TodosApitodostodoIdPUTApiPermissionTestStackTodosApi7298CD93PUTtodostodoId0C6DF4A5": {
      "Properties": {
        "Action": "lambda:InvokeFunction",
        "FunctionName": {
          "Fn::GetAtt": [
            "UpdateTodoHandler611F8369",
            "Arn",
          ],
        },
        "Principal": "apigateway.amazonaws.com",
        "SourceArn": {
          "Fn::Join": [
            "",
            [
              "arn:",
              {
                "Ref": "AWS::Partition",
              },
              ":execute-api:",
              {
                "Ref": "AWS::Region",
              },
              ":",
              {
                "Ref": "AWS::AccountId",
              },
              ":",
              {
                "Ref": "TodosApi10F608BB",
              },
              "/",
              {
                "Ref": "TodosApiDeploymentStagedev54EE90D3",
              },
              "/PUT/todos/*",
            ],
          ],
        },
      },
      "Type": "AWS::Lambda::Permission",
    },
    "TodosApitodostodoIdPUTApiPermissionTestTestStackTodosApi7298CD93PUTtodostodoId0DDB7D1C": {
      "Properties": {
        "Action": "lambda:InvokeFunction",
        "FunctionName": {
          "Fn::GetAtt": [
            "UpdateTodoHandler611F8369",
            "Arn",
          ],
        },
        "Principal": "apigateway.amazonaws.com",
        "SourceArn": {
          "Fn::Join": [
            "",
            [
              "arn:",
              {
                "Ref": "AWS::Partition",
              },
              ":execute-api:",
              {
                "Ref": "AWS::Region",
              },
              ":",
              {
                "Ref": "AWS::AccountId",
              },
              ":",
              {
                "Ref": "TodosApi10F608BB",
              },
              "/test-invoke-stage/PUT/todos/*",
            ],
          ],
        },
      },
      "Type": "AWS::Lambda::Permission",
    },
    "TodosApitodostodoIdPUTC4F1A380": {
      "Properties": {
        "AuthorizationType": "NONE",
        "HttpMethod": "PUT",
        "Integration": {
          "IntegrationHttpMethod": "POST",
          "Type": "AWS_PROXY",
          "Uri": {
            "Fn::Join": [
              "",
              [
                "arn:",
                {
                  "Ref": "AWS::Partition",
                },
                ":apigateway:",
                {
                  "Ref": "AWS::Region",
                },
                ":lambda:path/2015-03-31/functions/",
                {
                  "Fn::GetAtt": [
                    "UpdateTodoHandler611F8369",
                    "Arn",
                  ],
                },
                "/invocations",
              ],
            ],
          },
        },
        "ResourceId": {
          "Ref": "TodosApitodostodoIdCFE1ABC5",
        },
        "RestApiId": {
          "Ref": "TodosApi10F608BB",
        },
      },
      "Type": "AWS::ApiGateway::Method",
    },
    "TodosTable250330D8": {
      "DeletionPolicy": "Delete",
      "Properties": {
        "AttributeDefinitions": [
          {
            "AttributeName": "todoId",
            "AttributeType": "S",
          },
        ],
        "BillingMode": "PAY_PER_REQUEST",
        "KeySchema": [
          {
            "AttributeName": "todoId",
            "KeyType": "HASH",
          },
        ],
        "SSESpecification": {
          "SSEEnabled": true,
        },
        "TableName": "test-dev-todos",
      },
      "Type": "AWS::DynamoDB::Table",
      "UpdateReplacePolicy": "Delete",
    },
    "UpdateTodoHandler611F8369": {
      "DependsOn": [
        "UpdateTodoHandlerServiceRoleDefaultPolicy2844CE6E",
        "UpdateTodoHandlerServiceRole4BB3808D",
      ],
      "Properties": {
        "Architectures": [
          "arm64",
        ],
        "Code": {
          "S3Bucket": {
            "Fn::Sub": "cdk-hnb659fds-assets-\${AWS::AccountId}-\${AWS::Region}",
          },
          "S3Key": "78cff9b2c656377395fa9a816fa6c318cddcbe59a970653f88c14e915f18d244.zip",
        },
        "Environment": {
          "Variables": {
            "ENVIRONMENT": "dev",
            "TABLE_NAME": {
              "Ref": "TodosTable250330D8",
            },
          },
        },
        "FunctionName": "test-dev-update-todo",
        "Handler": "index.handler",
        "MemorySize": 256,
        "Role": {
          "Fn::GetAtt": [
            "UpdateTodoHandlerServiceRole4BB3808D",
            "Arn",
          ],
        },
        "Runtime": "nodejs22.x",
        "Timeout": 30,
      },
      "Type": "AWS::Lambda::Function",
    },
    "UpdateTodoHandlerLogRetention403E0846": {
      "Properties": {
        "LogGroupName": {
          "Fn::Join": [
            "",
            [
              "/aws/lambda/",
              {
                "Ref": "UpdateTodoHandler611F8369",
              },
            ],
          ],
        },
        "RetentionInDays": 7,
        "ServiceToken": {
          "Fn::GetAtt": [
            "LogRetentionaae0aa3c5b4d4f87b02d85b201efdd8aFD4BFC8A",
            "Arn",
          ],
        },
      },
      "Type": "Custom::LogRetention",
    },
    "UpdateTodoHandlerServiceRole4BB3808D": {
      "Properties": {
        "AssumeRolePolicyDocument": {
          "Statement": [
            {
              "Action": "sts:AssumeRole",
              "Effect": "Allow",
              "Principal": {
                "Service": "lambda.amazonaws.com",
              },
            },
          ],
          "Version": "2012-10-17",
        },
        "ManagedPolicyArns": [
          {
            "Fn::Join": [
              "",
              [
                "arn:",
                {
                  "Ref": "AWS::Partition",
                },
                ":iam::aws:policy/service-role/AWSLambdaBasicExecutionRole",
              ],
            ],
          },
        ],
      },
      "Type": "AWS::IAM::Role",
    },
    "UpdateTodoHandlerServiceRoleDefaultPolicy2844CE6E": {
      "Properties": {
        "PolicyDocument": {
          "Statement": [
            {
              "Action": [
                "dynamodb:BatchGetItem",
                "dynamodb:Query",
                "dynamodb:GetItem",
                "dynamodb:Scan",
                "dynamodb:ConditionCheckItem",
                "dynamodb:BatchWriteItem",
                "dynamodb:PutItem",
                "dynamodb:UpdateItem",
                "dynamodb:DeleteItem",
                "dynamodb:DescribeTable",
              ],
              "Effect": "Allow",
              "Resource": [
                {
                  "Fn::GetAtt": [
                    "TodosTable250330D8",
                    "Arn",
                  ],
                },
              ],
            },
            {
              "Action": [
                "dynamodb:GetRecords",
                "dynamodb:GetShardIterator",
              ],
              "Effect": "Allow",
              "Resource": [
                {
                  "Fn::GetAtt": [
                    "TodosTable250330D8",
                    "Arn",
                  ],
                },
              ],
            },
          ],
          "Version": "2012-10-17",
        },
        "PolicyName": "UpdateTodoHandlerServiceRoleDefaultPolicy2844CE6E",
        "Roles": [
          {
            "Ref": "UpdateTodoHandlerServiceRole4BB3808D",
          },
        ],
      },
      "Type": "AWS::IAM::Policy",
    },
  },
  "Rules": {
    "CheckBootstrapVersion": {
      "Assertions": [
        {
          "Assert": {
            "Fn::Not": [
              {
                "Fn::Contains": [
                  [
                    "1",
                    "2",
                    "3",
                    "4",
                    "5",
                  ],
                  {
                    "Ref": "BootstrapVersion",
                  },
                ],
              },
            ],
          },
          "AssertDescription": "CDK bootstrap stack version 6 required. Please run 'cdk bootstrap' with a recent version of the CDK CLI.",
        },
      ],
    },
  },
}
`;
