// Jest Snapshot v1, https://goo.gl/fbAQLP

exports[`Stack Snapshot Tests CloudFormation Template Snapshots Complete CloudFormation template snapshot 1`] = `
{
  "Outputs": {
    "AmplifyAppId": {
      "Description": "Amplify App ID",
      "Value": {
        "Fn::GetAtt": [
          "AmplifyApp",
          "AppId",
        ],
      },
    },
    "AmplifyAppUrl": {
      "Description": "Website URL served by Amplify Hosting",
      "Value": {
        "Fn::Join": [
          "",
          [
            "https://main.",
            {
              "Fn::GetAtt": [
                "AmplifyApp",
                "DefaultDomain",
              ],
            },
          ],
        ],
      },
    },
    "AmplifyConsoleUrl": {
      "Description": "AWS Console URL for the Amplify app",
      "Value": {
        "Fn::Join": [
          "",
          [
            "https://ap-northeast-1.console.aws.amazon.com/amplify/apps/",
            {
              "Fn::GetAtt": [
                "AmplifyApp",
                "AppId",
              ],
            },
          ],
        ],
      },
    },
  },
  "Parameters": {
    "BootstrapVersion": {
      "Default": "/cdk-bootstrap/hnb659fds/version",
      "Description": "Version of the CDK Bootstrap resources in this environment, automatically retrieved from SSM Parameter Store. [cdk:skip]",
      "Type": "AWS::SSM::Parameter::Value<String>",
    },
  },
  "Resources": {
    "AmplifyApp": {
      "Properties": {
        "Name": "TestProject-test-website",
        "Platform": "WEB",
      },
      "Type": "AWS::Amplify::App",
    },
    "AmplifyBranch": {
      "Properties": {
        "AppId": {
          "Fn::GetAtt": [
            "AmplifyApp",
            "AppId",
          ],
        },
        "BranchName": "main",
        "EnableAutoBuild": false,
        "EnablePullRequestPreview": false,
      },
      "Type": "AWS::Amplify::Branch",
    },
    "AmplifyDeployHandler0A466203": {
      "DependsOn": [
        "AmplifyDeployHandlerServiceRoleDefaultPolicyDCC3472D",
        "AmplifyDeployHandlerServiceRole2DE2068B",
      ],
      "Properties": {
        "Architectures": [
          "arm64",
        ],
        "Code": {
          "S3Bucket": "cdk-hnb659fds-assets-123456789012-ap-northeast-1",
          "S3Key": "<asset-hash>.zip",
        },
        "Handler": "index.handler",
        "Role": {
          "Fn::GetAtt": [
            "AmplifyDeployHandlerServiceRole2DE2068B",
            "Arn",
          ],
        },
        "Runtime": "nodejs22.x",
        "Timeout": 60,
      },
      "Type": "AWS::Lambda::Function",
    },
    "AmplifyDeployHandlerServiceRole2DE2068B": {
      "Properties": {
        "AssumeRolePolicyDocument": {
          "Statement": [
            {
              "Action": "sts:AssumeRole",
              "Effect": "Allow",
              "Principal": {
                "Service": "lambda.amazonaws.com",
              },
            },
          ],
          "Version": "2012-10-17",
        },
        "ManagedPolicyArns": [
          {
            "Fn::Join": [
              "",
              [
                "arn:",
                {
                  "Ref": "AWS::Partition",
                },
                ":iam::aws:policy/service-role/AWSLambdaBasicExecutionRole",
              ],
            ],
          },
        ],
      },
      "Type": "AWS::IAM::Role",
    },
    "AmplifyDeployHandlerServiceRoleDefaultPolicyDCC3472D": {
      "Properties": {
        "PolicyDocument": {
          "Statement": [
            {
              "Action": [
                "s3:GetObject*",
                "s3:GetBucket*",
                "s3:List*",
              ],
              "Effect": "Allow",
              "Resource": [
                {
                  "Fn::Join": [
                    "",
                    [
                      "arn:",
                      {
                        "Ref": "AWS::Partition",
                      },
                      ":s3:::cdk-hnb659fds-assets-123456789012-ap-northeast-1",
                    ],
                  ],
                },
                {
                  "Fn::Join": [
                    "",
                    [
                      "arn:",
                      {
                        "Ref": "AWS::Partition",
                      },
                      ":s3:::cdk-hnb659fds-assets-123456789012-ap-northeast-1/*",
                    ],
                  ],
                },
              ],
            },
            {
              "Action": "amplify:StartDeployment",
              "Effect": "Allow",
              "Resource": "*",
            },
          ],
          "Version": "2012-10-17",
        },
        "PolicyName": "AmplifyDeployHandlerServiceRoleDefaultPolicyDCC3472D",
        "Roles": [
          {
            "Ref": "AmplifyDeployHandlerServiceRole2DE2068B",
          },
        ],
      },
      "Type": "AWS::IAM::Policy",
    },
    "AmplifyDeployProviderframeworkonEvent5D3BC0BE": {
      "DependsOn": [
        "AmplifyDeployProviderframeworkonEventServiceRoleDefaultPolicy942E7A35",
        "AmplifyDeployProviderframeworkonEventServiceRole2C3193E6",
      ],
      "Properties": {
        "Code": {
          "S3Bucket": "cdk-hnb659fds-assets-123456789012-ap-northeast-1",
          "S3Key": "<asset-hash>.zip",
        },
        "Description": "AWS CDK resource provider framework - onEvent (S3AmplifyStaticWebsite/AmplifyDeployProvider)",
        "Environment": {
          "Variables": {
            "USER_ON_EVENT_FUNCTION_ARN": {
              "Fn::GetAtt": [
                "AmplifyDeployHandler0A466203",
                "Arn",
              ],
            },
          },
        },
        "Handler": "framework.onEvent",
        "LoggingConfig": {
          "ApplicationLogLevel": "FATAL",
          "LogFormat": "JSON",
        },
        "Role": {
          "Fn::GetAtt": [
            "AmplifyDeployProviderframeworkonEventServiceRole2C3193E6",
            "Arn",
          ],
        },
        "Runtime": "nodejs24.x",
        "Timeout": 900,
      },
      "Type": "AWS::Lambda::Function",
    },
    "AmplifyDeployProviderframeworkonEventServiceRole2C3193E6": {
      "Properties": {
        "AssumeRolePolicyDocument": {
          "Statement": [
            {
              "Action": "sts:AssumeRole",
              "Effect": "Allow",
              "Principal": {
                "Service": "lambda.amazonaws.com",
              },
            },
          ],
          "Version": "2012-10-17",
        },
        "ManagedPolicyArns": [
          {
            "Fn::Join": [
              "",
              [
                "arn:",
                {
                  "Ref": "AWS::Partition",
                },
                ":iam::aws:policy/service-role/AWSLambdaBasicExecutionRole",
              ],
            ],
          },
        ],
      },
      "Type": "AWS::IAM::Role",
    },
    "AmplifyDeployProviderframeworkonEventServiceRoleDefaultPolicy942E7A35": {
      "Properties": {
        "PolicyDocument": {
          "Statement": [
            {
              "Action": "lambda:InvokeFunction",
              "Effect": "Allow",
              "Resource": [
                {
                  "Fn::GetAtt": [
                    "AmplifyDeployHandler0A466203",
                    "Arn",
                  ],
                },
                {
                  "Fn::Join": [
                    "",
                    [
                      {
                        "Fn::GetAtt": [
                          "AmplifyDeployHandler0A466203",
                          "Arn",
                        ],
                      },
                      ":*",
                    ],
                  ],
                },
              ],
            },
            {
              "Action": "lambda:GetFunction",
              "Effect": "Allow",
              "Resource": {
                "Fn::GetAtt": [
                  "AmplifyDeployHandler0A466203",
                  "Arn",
                ],
              },
            },
          ],
          "Version": "2012-10-17",
        },
        "PolicyName": "AmplifyDeployProviderframeworkonEventServiceRoleDefaultPolicy942E7A35",
        "Roles": [
          {
            "Ref": "AmplifyDeployProviderframeworkonEventServiceRole2C3193E6",
          },
        ],
      },
      "Type": "AWS::IAM::Policy",
    },
    "AmplifyDeployment": {
      "DeletionPolicy": "Delete",
      "DependsOn": [
        "AmplifyBranch",
      ],
      "Properties": {
        "AppId": {
          "Fn::GetAtt": [
            "AmplifyApp",
            "AppId",
          ],
        },
        "BranchName": "main",
        "BucketName": "cdk-hnb659fds-assets-123456789012-ap-northeast-1",
        "ObjectKey": "0b629dd01a875f96ce9d0f44df406d3960b80cdcdec72f01b2e549138d2fb995.zip",
        "ServiceToken": {
          "Fn::GetAtt": [
            "AmplifyDeployProviderframeworkonEvent5D3BC0BE",
            "Arn",
          ],
        },
      },
      "Type": "AWS::CloudFormation::CustomResource",
      "UpdateReplacePolicy": "Delete",
    },
  },
  "Rules": {
    "CheckBootstrapVersion": {
      "Assertions": [
        {
          "Assert": {
            "Fn::Not": [
              {
                "Fn::Contains": [
                  [
                    "1",
                    "2",
                    "3",
                    "4",
                    "5",
                  ],
                  {
                    "Ref": "BootstrapVersion",
                  },
                ],
              },
            ],
          },
          "AssertDescription": "CDK bootstrap stack version 6 required. Please run 'cdk bootstrap' with a recent version of the CDK CLI.",
        },
      ],
    },
  },
}
`;

exports[`Stack Snapshot Tests CloudFormation Template Snapshots Resource types and counts 1`] = `
{
  "AWS::Amplify::App": 1,
  "AWS::Amplify::Branch": 1,
  "AWS::CloudFormation::CustomResource": 1,
  "AWS::IAM::Policy": 2,
  "AWS::IAM::Role": 2,
  "AWS::Lambda::Function": 2,
}
`;
